Launching lib\main.dart on Chrome in debug mode...
Waiting for connection from debug service on Chrome...          
flutter : lib/theme/app_theme
.dart:36:18: Error: The 
argument type 'CardTheme' 
can't be assigned to the 
parameter type 
'CardThemeData?'.
At line:1 char:1
+ flutter run -d chrome > 
build_output.txt 2>&1
+ ~~~~~~~~~~~~~~~~~~~~~~~~~~~
~~~~~~~~~~~~~~~~~~
    + CategoryInfo           
   : NotSpeci    fied: 
(lib/theme/    
app_t...ardThemeD    
ata?'.:String) []    , 
RemoteException
    + FullyQualifiedE    
rrorId : NativeCo    
mmandError
 
 - 'CardTheme' is from 'packa
ge:flutter/src/material/card_
theme.dart' ('../../../../../
Developer/flutter/packages/fl
utter/lib/src/material/card_t
heme.dart').
 - 'CardThemeData' is from 'p
ackage:flutter/src/material/c
ard_theme.dart' ('../../../..
/../Developer/flutter/package
s/flutter/lib/src/material/ca
rd_theme.dart').
      cardTheme: CardTheme(
                 ^
lib/main.dart:18:19: Error: 
Constant evaluation error:
      home: const 
DashboardScreen(),
                  ^
lib/screens/dashboard_screen.
dart:7:41: Context: The 
invocation of 'state' is not 
allowed in a constant 
expression.
  final DashboardState state 
= MockData.state;
                             
           ^
Waiting for connection from debug service on Chrome...             28.4s
Failed to compile 
application.
